// Jest Snapshot v1, https://goo.gl/fbAQLP

exports[`Navbar.vue renders properly 1`] = `<div></div>`;
